// Jest Snapshot v1, https://goo.gl/fbAQLP

exports[`stations should handle initial state 1`] = `
Array [
  Object {
    "name": "BBC 6",
    "script": "var iFrame = document.querySelectorAll('.episode-playout iframe')[0].contentDocument;
    var pauseBtn = iFrame.querySelectorAll('.p_pauseButton')[0];
    var playBtn = iFrame.querySelectorAll('.p_playButton')[0];
    var startBtn = iFrame.querySelectorAll('.p_button')[0];
    
    
    if(pauseBtn){
        pauseBtn.click()
    }
    else if(playBtn){
        playBtn.click()
    }
    else if(startBtn){
        startBtn.click()
    }",
    "url": "http://www.bbc.co.uk/programmes/b09s37vt",
  },
  Object {
    "name": "SR.se",
    "script": "document.getElementsByClassName(\\"player-play\\")[0].click()",
    "url": "http://sr.se",
  },
]
`;
